package pkg

import "sort"

func fn() {
	var a []string
	var b []float64
	var c sort.StringSlice

	sort.Strings(a)  // want `sort\.StringSlice is a type.+consider using sort\.Strings instead`
	sort.Float64s(b) // want `sort\.Float64Slice is a type.+consider using sort\.Float64s instead`
	c = sort.StringSlice(c)
}
